[INFO] [launch]: All log files can be found below /home/dhairya/.ros/log/2026-09-10-14-26-55-816206-hp-41936
[INFO] [launch]: Default logging verbosity is set to INFO
[INFO] [map_server-1]: process started with pid [41944]
[INFO] [amcl-2]: process started with pid [41945]
[INFO] [amcl-3]: process started with pid [41946]
[INFO] [amcl-4]: process started with pid [41947]
[INFO] [lifecycle_manager-5]: process started with pid [41948]
[lifecycle_manager-5] [INFO] [1789030616.039706376] [lifecycle_manager_localization]: Creating
[lifecycle_manager-5] [INFO] [1789030616.049516332] [lifecycle_manager_localization]: [34m[1mCreating and initializing lifecycle service clients[0m[0m
[amcl-3] [INFO] [1789030616.066998826] [robot2.amcl]: 
[amcl-3] 	amcl lifecycle node launched. 
[amcl-3] 	Waiting on external lifecycle transitions to activate
[amcl-3] 	See https://design.ros2.org/articles/node_lifecycle.html for more information.
[amcl-3] [INFO] [1789030616.067586545] [robot2.amcl]: Creating
[amcl-2] [INFO] [1789030616.078616650] [robot1.amcl]: 
[amcl-2] 	amcl lifecycle node launched. 
[amcl-2] 	Waiting on external lifecycle transitions to activate
[amcl-2] 	See https://design.ros2.org/articles/node_lifecycle.html for more information.
[amcl-2] [INFO] [1789030616.079573843] [robot1.amcl]: Creating
[amcl-4] [INFO] [1789030616.086468518] [robot3.amcl]: 
[amcl-4] 	amcl lifecycle node launched. 
[amcl-4] 	Waiting on external lifecycle transitions to activate
[amcl-4] 	See https://design.ros2.org/articles/node_lifecycle.html for more information.
[amcl-4] [INFO] [1789030616.087449775] [robot3.amcl]: Creating
[map_server-1] [INFO] [1789030616.089568087] [map_server]: 
[map_server-1] 	map_server lifecycle node launched. 
[map_server-1] 	Waiting on external lifecycle transitions to activate
[map_server-1] 	See https://design.ros2.org/articles/node_lifecycle.html for more information.
[map_server-1] [INFO] [1789030616.089791170] [map_server]: Creating
[lifecycle_manager-5] [INFO] [1789030616.230046268] [lifecycle_manager_localization]: [34m[1mStarting managed nodes bringup...[0m[0m
[lifecycle_manager-5] [INFO] [1789030616.230165079] [lifecycle_manager_localization]: [34m[1mConfiguring map_server[0m[0m
[map_server-1] [INFO] [1789030616.369182259] [map_server]: Configuring
[map_server-1] [INFO] [1789030616.369308045] [map_io]: Loading yaml file: /home/dhairya/FleetManager/install/virtual_lab/share/virtual_lab/maps/logistics_warehouse.yaml
[map_server-1] [INFO] [1789030616.369772021] [map_io]: resolution: 0.05
[map_server-1] [INFO] [1789030616.369784065] [map_io]: origin[0]: -5.807
[map_server-1] [INFO] [1789030616.369790969] [map_io]: origin[1]: -7.229
[map_server-1] [INFO] [1789030616.369796903] [map_io]: origin[2]: 0
[map_server-1] [INFO] [1789030616.369803358] [map_io]: free_thresh: 0.196
[map_server-1] [INFO] [1789030616.369808890] [map_io]: occupied_thresh: 0.65
[map_server-1] [INFO] [1789030616.369815690] [map_io]: mode: trinary
[map_server-1] [INFO] [1789030616.369824191] [map_io]: negate: 0
[map_server-1] [INFO] [1789030616.370111141] [map_io]: Loading image_file: /home/dhairya/FleetManager/install/virtual_lab/share/virtual_lab/maps/logistics_warehouse.pgm
[map_server-1] [INFO] [1789030616.379302973] [map_io]: Read map /home/dhairya/FleetManager/install/virtual_lab/share/virtual_lab/maps/logistics_warehouse.pgm: 485 X 484 map @ 0.05 m/cell
[lifecycle_manager-5] [INFO] [1789030616.395820899] [lifecycle_manager_localization]: [34m[1mConfiguring robot1/amcl[0m[0m
[amcl-2] [INFO] [1789030616.396364603] [robot1.amcl]: Configuring
[amcl-2] [INFO] [1789030616.396549416] [robot1.amcl]: initTransforms
[amcl-2] [INFO] [1789030616.406957630] [robot1.amcl]: initPubSub
[amcl-2] [INFO] [1789030616.419351538] [robot1.amcl]: Subscribed to map topic.
[lifecycle_manager-5] [INFO] [1789030616.424251126] [lifecycle_manager_localization]: [34m[1mConfiguring robot2/amcl[0m[0m
[amcl-3] [INFO] [1789030616.424617611] [robot2.amcl]: Configuring
[amcl-3] [INFO] [1789030616.424728827] [robot2.amcl]: initTransforms
[amcl-3] [INFO] [1789030616.437687995] [robot2.amcl]: initPubSub
[amcl-3] [INFO] [1789030616.455491042] [robot2.amcl]: Subscribed to map topic.
[lifecycle_manager-5] [INFO] [1789030616.460783689] [lifecycle_manager_localization]: [34m[1mConfiguring robot3/amcl[0m[0m
[amcl-4] [INFO] [1789030616.461047627] [robot3.amcl]: Configuring
[amcl-4] [INFO] [1789030616.461133464] [robot3.amcl]: initTransforms
[amcl-4] [INFO] [1789030616.475143266] [robot3.amcl]: initPubSub
[amcl-4] [INFO] [1789030616.487780509] [robot3.amcl]: Subscribed to map topic.
[lifecycle_manager-5] [INFO] [1789030616.492428393] [lifecycle_manager_localization]: [34m[1mActivating map_server[0m[0m
[map_server-1] [INFO] [1789030616.492655818] [map_server]: Activating
[map_server-1] [INFO] [1789030616.493461344] [map_server]: Creating bond (map_server) to lifecycle manager.
[amcl-2] [INFO] [1789030616.494082544] [robot1.amcl]: Received a 485 X 484 map @ 0.050 m/pix
[amcl-4] [INFO] [1789030616.494161756] [robot3.amcl]: Received a 485 X 484 map @ 0.050 m/pix
[amcl-3] [INFO] [1789030616.494439949] [robot2.amcl]: Received a 485 X 484 map @ 0.050 m/pix
[lifecycle_manager-5] [INFO] [1789030616.601682560] [lifecycle_manager_localization]: Server map_server connected with bond.
[lifecycle_manager-5] [INFO] [1789030616.601742206] [lifecycle_manager_localization]: [34m[1mActivating robot1/amcl[0m[0m
[amcl-2] [INFO] [1789030616.602062937] [robot1.amcl]: Activating
[amcl-2] [INFO] [1789030616.602132826] [robot1.amcl]: Creating bond (amcl) to lifecycle manager.
[amcl-2] [INFO] [1789030618.064319552] [robot1.amcl]: createLaserObject
[amcl-2] [WARN] [1789030618.179577819] [robot1.amcl]: AMCL cannot publish a pose or update the transform. Please set the initial pose...
[lifecycle_manager-5] [ERROR] [1789030618.609146251] [lifecycle_manager_localization]: Server robot1/amcl was unable to be reached after 4.00s by bond. This server may be misconfigured.
[lifecycle_manager-5] [ERROR] [1789030618.609310634] [lifecycle_manager_localization]: Failed to bring up all requested nodes. Aborting bringup.
[amcl-2] [WARN] [1789030620.293031970] [robot1.amcl]: AMCL cannot publish a pose or update the transform. Please set the initial pose...
[amcl-2] [WARN] [1789030622.587763071] [robot1.amcl]: AMCL cannot publish a pose or update the transform. Please set the initial pose...
[amcl-2] [WARN] [1789030624.657909000] [robot1.amcl]: AMCL cannot publish a pose or update the transform. Please set the initial pose...
[amcl-2] [WARN] [1789030626.686901492] [robot1.amcl]: AMCL cannot publish a pose or update the transform. Please set the initial pose...
[amcl-2] [WARN] [1789030628.836139363] [robot1.amcl]: AMCL cannot publish a pose or update the transform. Please set the initial pose...
[amcl-2] [WARN] [1789030630.864532724] [robot1.amcl]: AMCL cannot publish a pose or update the transform. Please set the initial pose...
[amcl-2] [WARN] [1789030633.020504693] [robot1.amcl]: AMCL cannot publish a pose or update the transform. Please set the initial pose...
[amcl-2] [WARN] [1789030635.062468234] [robot1.amcl]: AMCL cannot publish a pose or update the transform. Please set the initial pose...
[amcl-2] [WARN] [1789030637.138376791] [robot1.amcl]: AMCL cannot publish a pose or update the transform. Please set the initial pose...
[amcl-2] [WARN] [1789030639.415408147] [robot1.amcl]: AMCL cannot publish a pose or update the transform. Please set the initial pose...
[amcl-2] [WARN] [1789030641.694635821] [robot1.amcl]: AMCL cannot publish a pose or update the transform. Please set the initial pose...
[amcl-2] [WARN] [1789030643.994483902] [robot1.amcl]: AMCL cannot publish a pose or update the transform. Please set the initial pose...
[amcl-2] [WARN] [1789030646.218999144] [robot1.amcl]: AMCL cannot publish a pose or update the transform. Please set the initial pose...
[amcl-2] [WARN] [1789030648.395802940] [robot1.amcl]: AMCL cannot publish a pose or update the transform. Please set the initial pose...
[amcl-2] [WARN] [1789030650.692422233] [robot1.amcl]: AMCL cannot publish a pose or update the transform. Please set the initial pose...
[amcl-2] [WARN] [1789030653.119550099] [robot1.amcl]: AMCL cannot publish a pose or update the transform. Please set the initial pose...
[amcl-2] [WARN] [1789030655.429400776] [robot1.amcl]: AMCL cannot publish a pose or update the transform. Please set the initial pose...
[amcl-2] [WARN] [1789030657.608215912] [robot1.amcl]: AMCL cannot publish a pose or update the transform. Please set the initial pose...
[amcl-2] [WARN] [1789030659.805224505] [robot1.amcl]: AMCL cannot publish a pose or update the transform. Please set the initial pose...
[amcl-2] [WARN] [1789030662.192381862] [robot1.amcl]: AMCL cannot publish a pose or update the transform. Please set the initial pose...
[amcl-2] [WARN] [1789030664.400062328] [robot1.amcl]: AMCL cannot publish a pose or update the transform. Please set the initial pose...
[amcl-2] [WARN] [1789030666.494524242] [robot1.amcl]: AMCL cannot publish a pose or update the transform. Please set the initial pose...
[amcl-2] [WARN] [1789030668.609841029] [robot1.amcl]: AMCL cannot publish a pose or update the transform. Please set the initial pose...
[amcl-2] [WARN] [1789030670.865974275] [robot1.amcl]: AMCL cannot publish a pose or update the transform. Please set the initial pose...
[amcl-2] [WARN] [1789030673.082982696] [robot1.amcl]: AMCL cannot publish a pose or update the transform. Please set the initial pose...
[amcl-2] [WARN] [1789030675.441304497] [robot1.amcl]: AMCL cannot publish a pose or update the transform. Please set the initial pose...
[amcl-2] [WARN] [1789030677.818446371] [robot1.amcl]: AMCL cannot publish a pose or update the transform. Please set the initial pose...
[amcl-2] [WARN] [1789030680.009168441] [robot1.amcl]: AMCL cannot publish a pose or update the transform. Please set the initial pose...
[amcl-2] [WARN] [1789030682.228468444] [robot1.amcl]: AMCL cannot publish a pose or update the transform. Please set the initial pose...
[amcl-2] [WARN] [1789030684.523214616] [robot1.amcl]: AMCL cannot publish a pose or update the transform. Please set the initial pose...
[amcl-2] [WARN] [1789030686.637641583] [robot1.amcl]: AMCL cannot publish a pose or update the transform. Please set the initial pose...
[amcl-2] [WARN] [1789030688.874939797] [robot1.amcl]: AMCL cannot publish a pose or update the transform. Please set the initial pose...
[amcl-2] [WARN] [1789030690.973207430] [robot1.amcl]: AMCL cannot publish a pose or update the transform. Please set the initial pose...
[amcl-2] [WARN] [1789030693.066090803] [robot1.amcl]: AMCL cannot publish a pose or update the transform. Please set the initial pose...
[amcl-2] [WARN] [1789030695.270187404] [robot1.amcl]: AMCL cannot publish a pose or update the transform. Please set the initial pose...
[amcl-2] [WARN] [1789030697.612390081] [robot1.amcl]: AMCL cannot publish a pose or update the transform. Please set the initial pose...
[amcl-2] [WARN] [1789030699.751766967] [robot1.amcl]: AMCL cannot publish a pose or update the transform. Please set the initial pose...
[amcl-2] [WARN] [1789030701.894211763] [robot1.amcl]: AMCL cannot publish a pose or update the transform. Please set the initial pose...
[amcl-2] [WARN] [1789030704.065596389] [robot1.amcl]: AMCL cannot publish a pose or update the transform. Please set the initial pose...
[amcl-2] [WARN] [1789030706.401715960] [robot1.amcl]: AMCL cannot publish a pose or update the transform. Please set the initial pose...
[amcl-2] [WARN] [1789030708.881630732] [robot1.amcl]: AMCL cannot publish a pose or update the transform. Please set the initial pose...
[amcl-2] [WARN] [1789030711.214688968] [robot1.amcl]: AMCL cannot publish a pose or update the transform. Please set the initial pose...
[amcl-2] [WARN] [1789030713.429903772] [robot1.amcl]: AMCL cannot publish a pose or update the transform. Please set the initial pose...
[amcl-2] [WARN] [1789030715.609534434] [robot1.amcl]: AMCL cannot publish a pose or update the transform. Please set the initial pose...
[amcl-2] [WARN] [1789030717.826246991] [robot1.amcl]: AMCL cannot publish a pose or update the transform. Please set the initial pose...
[amcl-2] [WARN] [1789030719.938447227] [robot1.amcl]: AMCL cannot publish a pose or update the transform. Please set the initial pose...
[amcl-2] [WARN] [1789030721.999822655] [robot1.amcl]: AMCL cannot publish a pose or update the transform. Please set the initial pose...
[amcl-2] [WARN] [1789030724.112672316] [robot1.amcl]: AMCL cannot publish a pose or update the transform. Please set the initial pose...
[amcl-2] [WARN] [1789030726.414387571] [robot1.amcl]: AMCL cannot publish a pose or update the transform. Please set the initial pose...
[amcl-2] [WARN] [1789030728.780971770] [robot1.amcl]: AMCL cannot publish a pose or update the transform. Please set the initial pose...
[amcl-2] [WARN] [1789030730.942427911] [robot1.amcl]: AMCL cannot publish a pose or update the transform. Please set the initial pose...
[amcl-2] [WARN] [1789030733.655949938] [robot1.amcl]: AMCL cannot publish a pose or update the transform. Please set the initial pose...
[amcl-2] [WARN] [1789030735.786038779] [robot1.amcl]: AMCL cannot publish a pose or update the transform. Please set the initial pose...
[amcl-2] [WARN] [1789030737.897757778] [robot1.amcl]: AMCL cannot publish a pose or update the transform. Please set the initial pose...
[amcl-2] [WARN] [1789030740.125034907] [robot1.amcl]: AMCL cannot publish a pose or update the transform. Please set the initial pose...
[amcl-2] [WARN] [1789030742.250669270] [robot1.amcl]: AMCL cannot publish a pose or update the transform. Please set the initial pose...
[amcl-2] [WARN] [1789030744.473441462] [robot1.amcl]: AMCL cannot publish a pose or update the transform. Please set the initial pose...
[amcl-2] [WARN] [1789030746.614797119] [robot1.amcl]: AMCL cannot publish a pose or update the transform. Please set the initial pose...
[amcl-2] [WARN] [1789030748.727760480] [robot1.amcl]: AMCL cannot publish a pose or update the transform. Please set the initial pose...
[amcl-2] [WARN] [1789030750.946994119] [robot1.amcl]: AMCL cannot publish a pose or update the transform. Please set the initial pose...
[amcl-2] [WARN] [1789030753.133581987] [robot1.amcl]: AMCL cannot publish a pose or update the transform. Please set the initial pose...
[amcl-2] [WARN] [1789030755.385209123] [robot1.amcl]: AMCL cannot publish a pose or update the transform. Please set the initial pose...
[amcl-2] [WARN] [1789030757.506042707] [robot1.amcl]: AMCL cannot publish a pose or update the transform. Please set the initial pose...
[amcl-2] [WARN] [1789030759.646036790] [robot1.amcl]: AMCL cannot publish a pose or update the transform. Please set the initial pose...
[amcl-2] [WARN] [1789030761.840308998] [robot1.amcl]: AMCL cannot publish a pose or update the transform. Please set the initial pose...
[amcl-2] [WARN] [1789030764.050054738] [robot1.amcl]: AMCL cannot publish a pose or update the transform. Please set the initial pose...
[amcl-2] [INFO] [1789030764.659248499] [robot1.amcl]: initialPoseReceived
[amcl-2] [WARN] [1789030764.659443319] [robot1.amcl]: Failed to transform initial pose in time (Lookup would require extrapolation into the future.  Requested time 162.704000 but the latest data is at time 162.690000, when looking up transform from frame [robot1/base_footprint] to frame [robot1/odom])
[amcl-2] [INFO] [1789030764.659469762] [robot1.amcl]: Setting pose (162.704000): 0.000 0.000 0.000
[amcl-3] [INFO] [1789030767.490851744] [robot2.amcl]: initialPoseReceived
[amcl-3] [WARN] [1789030767.490965596] [robot2.amcl]: Received initial pose request, but AMCL is not yet in the active state
[amcl-4] [INFO] [1789030770.319049209] [robot3.amcl]: initialPoseReceived
[amcl-4] [WARN] [1789030770.319096953] [robot3.amcl]: Received initial pose request, but AMCL is not yet in the active state
[map_server-1] [WARN] [1789030939.652641271] [rcl_lifecycle]: No transition matching 1 found for current state active
[map_server-1] [WARN] [1789030939.652699015] [rcl_lifecycle]: No transition matching 1 found for current state active
[map_server-1] [ERROR] [1789030939.652718219] [map_server]: Unable to start transition 1 from current state active: Transition is not registered., at ./src/rcl_lifecycle.c:355
